// Jest Snapshot v1, https://goo.gl/fbAQLP

exports[`Modal component should have same styles 1`] = `
.c0 {
  position: fixed;
  top: 0;
  left: 0;
  z-index: 10;
  display: grid;
  place-items: center;
  width: 100%;
  height: 100%;
  background: rgba(0,0,0,0.7);
}

.c1 {
  position: relative;
  display: -webkit-box;
  display: -webkit-flex;
  display: -ms-flexbox;
  display: flex;
  -webkit-flex-direction: column;
  -ms-flex-direction: column;
  flex-direction: column;
  gap: 2rem;
  max-width: 26rem;
  padding: 2rem;
  margin: 1.5rem;
  overflow: hidden;
  text-align: center;
  background: var(--color-gray-100);
  border-radius: 1rem;
}

.c2 {
  font-size: 1.5rem;
  font-weight: 700;
}

<div
  class="c0"
  data-testid="modal-container"
>
  <section
    class="c1"
    data-testid="modal"
  >
    <h2
      class="c2"
    />
  </section>
</div>
`;
