// Jest Snapshot v1, https://goo.gl/fbAQLP

exports[`integration between controls and sudoku utils controls should add error styles on click "validate" control 1`] = `
.c0 {
  display: grid;
  grid-auto-flow: column;
  gap: 0.25rem;
  place-items: center;
  min-height: 32px;
  padding: 0 0.75rem;
  font-weight: 600;
  color: var(--color);
  text-transform: capitalize;
  -webkit-user-select: none;
  -moz-user-select: none;
  -ms-user-select: none;
  user-select: none;
  background: var(--background);
  border-radius: 0.5rem;
  outline-color: var(--color);
  -webkit-transition: 100ms ease-out;
  transition: 100ms ease-out;
  -webkit-transition-property: background,color;
  transition-property: background,color;
  --color: var(--color-blue-400);
  --color-active: var(--color-gray-100);
  --background: var(--color-blue-100);
  --background-hover: var(--color-blue-200);
  --background-active: var(--color-blue-400);
}

.c0:hover,
.c0:focus-visible {
  background: var(--background-hover);
}

.c0:active {
  color: var(--color-active);
  background: var(--background-active);
}

.c1 {
  position: relative;
  aspect-ratio: 1;
  display: grid;
  place-items: center;
  font-weight: 700;
  border-radius: 0.2rem;
  --color: var(--color-gray-900);
  --color-active: var(--color-gray-900);
  --background: var(--color-gray-200);
  --background-hover: var(--color-gray-300);
  --background-active: var(--color-gray-400);
  --disabled-line: var(--color-gray-300);
  --color: var(--color-red-500);
  --background: var(--color-red-100);
  --background-hover: var(--color-red-300);
  --color-active: var(--color-gray-100);
  --background-active: var(--color-red-500);
  --disabled-line: var(--color-red-300);
}

.c1:disabled {
  background-image: linear-gradient( -45deg, var(--background) 15%, var(--disabled-line) 15% 25%, var(--background) 25% 35%, var(--disabled-line) 35% 45%, var(--background) 45% 55%, var(--disabled-line) 55% 65%, var(--background) 65% 75%, var(--disabled-line) 75% 85%, var(--background) 85% );
}

<button
  class="c0 c1"
  data-testid="box-0-0"
>
  <span>
    1
  </span>
</button>
`;
